[01/Apr/2026 22:09:42] "GET /api/feed/ HTTP/1.1" 200 7488
[01/Apr/2026 22:09:42,353] - Broken pipe from ('127.0.0.1', 59034)
[01/Apr/2026 22:09:52] "POST /api/auth/signup/ HTTP/1.1" 201 45
[01/Apr/2026 22:09:52,353] - Broken pipe from ('127.0.0.1', 63907)
[01/Apr/2026 22:10:13] "GET /api/lists/ HTTP/1.1" 200 4051
[01/Apr/2026 22:10:13] "GET /api/lists/ HTTP/1.1" 200 4051
[01/Apr/2026 22:10:18] "GET /api/books/discover/ HTTP/1.1" 200 20640
[01/Apr/2026 22:10:23] "GET /api/stats/ HTTP/1.1" 200 300
[01/Apr/2026 22:10:23,682] - Broken pipe from ('127.0.0.1', 63920)
[01/Apr/2026 22:11:20] "OPTIONS /api/auth/me/ HTTP/1.1" 200 0
C:\Users\Meer Rego\AppData\Local\Programs\Python\Python312\Lib\site-packages\jwt\api_jwt.py:365: InsecureKeyLengthWarning: The HMAC key is 13 bytes long, which is below the minimum recommended length of 32 bytes for SHA256. See RFC 7518 Section 3.2.
  decoded = self.decode_complete(
Unauthorized: /api/auth/me/
[01/Apr/2026 22:11:20] "GET /api/auth/me/ HTTP/1.1" 401 172
[01/Apr/2026 22:11:20] "GET /api/feed/?page=1 HTTP/1.1" 200 7488
[01/Apr/2026 22:11:31] "GET /api/feed/?page=1 HTTP/1.1" 200 7488
[01/Apr/2026 22:11:42] "OPTIONS /api/auth/signup/ HTTP/1.1" 200 0
Bad Request: /api/auth/signup/
[01/Apr/2026 22:11:42] "POST /api/auth/signup/ HTTP/1.1" 400 58
[01/Apr/2026 22:11:57] "OPTIONS /api/auth/login/ HTTP/1.1" 200 0
C:\Users\Meer Rego\AppData\Local\Programs\Python\Python312\Lib\site-packages\jwt\api_jwt.py:147: InsecureKeyLengthWarning: The HMAC key is 13 bytes long, which is below the minimum recommended length of 32 bytes for SHA256. See RFC 7518 Section 3.2.
  return self._jws.encode(
[01/Apr/2026 22:11:58] "POST /api/auth/login/ HTTP/1.1" 200 489
[01/Apr/2026 22:11:58] "OPTIONS /api/auth/me/ HTTP/1.1" 200 0
[01/Apr/2026 22:11:59] "GET /api/auth/me/ HTTP/1.1" 200 138
[01/Apr/2026 22:11:59] "GET /api/feed/?page=1 HTTP/1.1" 200 7488
[01/Apr/2026 22:11:59] "GET /api/feed/?page=1 HTTP/1.1" 200 7488
[01/Apr/2026 22:11:59] "OPTIONS /api/feed/?page=1 HTTP/1.1" 200 0
[01/Apr/2026 22:11:59] "OPTIONS /api/feed/?page=1 HTTP/1.1" 200 0
[01/Apr/2026 22:12:00] "GET /api/feed/?page=1 HTTP/1.1" 200 7488
[01/Apr/2026 22:12:00] "GET /api/feed/?page=1 HTTP/1.1" 200 7488
[01/Apr/2026 22:12:09] "OPTIONS /api/auth/me/ HTTP/1.1" 200 0
[01/Apr/2026 22:12:09] "GET /api/auth/me/ HTTP/1.1" 200 138
[01/Apr/2026 22:12:10] "GET /api/books/search/?q=bell%20jer HTTP/1.1" 200 8681
[01/Apr/2026 22:12:14] "OPTIONS /api/books/import_google/ HTTP/1.1" 200 0
Internal Server Error: /api/books/import_google/
Traceback (most recent call last):
  File "C:\Users\Meer Rego\AppData\Local\Programs\Python\Python312\Lib\site-packages\django\db\backends\utils.py", line 105, in _execute
    return self.cursor.execute(sql, params)
           ^^^^^^^^^^^^^^^^^^^^^^^^^^^^^^^^
  File "C:\Users\Meer Rego\AppData\Local\Programs\Python\Python312\Lib\site-packages\psycopg\cursor.py", line 117, in execute
    raise ex.with_traceback(None)
psycopg.errors.StringDataRightTruncation: value too long for type character varying(200)

The above exception was the direct cause of the following exception:

Traceback (most recent call last):
  File "C:\Users\Meer Rego\AppData\Local\Programs\Python\Python312\Lib\site-packages\django\core\handlers\exception.py", line 55, in inner
    response = get_response(request)
               ^^^^^^^^^^^^^^^^^^^^^
  File "C:\Users\Meer Rego\AppData\Local\Programs\Python\Python312\Lib\site-packages\django\core\handlers\base.py", line 198, in _get_response
    response = wrapped_callback(request, *callback_args, **callback_kwargs)
               ^^^^^^^^^^^^^^^^^^^^^^^^^^^^^^^^^^^^^^^^^^^^^^^^^^^^^^^^^^^^
  File "C:\Users\Meer Rego\AppData\Local\Programs\Python\Python312\Lib\site-packages\django\views\decorators\csrf.py", line 65, in _view_wrapper
    return view_func(request, *args, **kwargs)
           ^^^^^^^^^^^^^^^^^^^^^^^^^^^^^^^^^^^
  File "C:\Users\Meer Rego\AppData\Local\Programs\Python\Python312\Lib\site-packages\rest_framework\viewsets.py", line 125, in view
    return self.dispatch(request, *args, **kwargs)
           ^^^^^^^^^^^^^^^^^^^^^^^^^^^^^^^^^^^^^^^
  File "C:\Users\Meer Rego\AppData\Local\Programs\Python\Python312\Lib\site-packages\rest_framework\views.py", line 515, in dispatch
    response = self.handle_exception(exc)
               ^^^^^^^^^^^^^^^^^^^^^^^^^^
  File "C:\Users\Meer Rego\AppData\Local\Programs\Python\Python312\Lib\site-packages\rest_framework\views.py", line 475, in handle_exception
    self.raise_uncaught_exception(exc)
  File "C:\Users\Meer Rego\AppData\Local\Programs\Python\Python312\Lib\site-packages\rest_framework\views.py", line 486, in raise_uncaught_exception
    raise exc
  File "C:\Users\Meer Rego\AppData\Local\Programs\Python\Python312\Lib\site-packages\rest_framework\views.py", line 512, in dispatch
    response = handler(request, *args, **kwargs)
               ^^^^^^^^^^^^^^^^^^^^^^^^^^^^^^^^^
  File "C:\Users\Meer Rego\Downloads\BookMark\backend\api\views.py", line 147, in import_google
    book = sync_google_book(volume_id)
           ^^^^^^^^^^^^^^^^^^^^^^^^^^^
  File "C:\Users\Meer Rego\Downloads\BookMark\backend\api\services\google_books.py", line 149, in sync_google_book
    return Book.objects.create(**_normalize_volume(cached_volume))
           ^^^^^^^^^^^^^^^^^^^^^^^^^^^^^^^^^^^^^^^^^^^^^^^^^^^^^^^
  File "C:\Users\Meer Rego\AppData\Local\Programs\Python\Python312\Lib\site-packages\django\db\models\manager.py", line 87, in manager_method
    return getattr(self.get_queryset(), name)(*args, **kwargs)
           ^^^^^^^^^^^^^^^^^^^^^^^^^^^^^^^^^^^^^^^^^^^^^^^^^^^
  File "C:\Users\Meer Rego\AppData\Local\Programs\Python\Python312\Lib\site-packages\django\db\models\query.py", line 669, in create
    obj.save(force_insert=True, using=self.db)
  File "C:\Users\Meer Rego\Downloads\BookMark\backend\api\models.py", line 57, in save
    super().save(*args, **kwargs)
  File "C:\Users\Meer Rego\AppData\Local\Programs\Python\Python312\Lib\site-packages\django\db\models\base.py", line 874, in save
    self.save_base(
  File "C:\Users\Meer Rego\AppData\Local\Programs\Python\Python312\Lib\site-packages\django\db\models\base.py", line 966, in save_base
    updated = self._save_table(
              ^^^^^^^^^^^^^^^^^
  File "C:\Users\Meer Rego\AppData\Local\Programs\Python\Python312\Lib\site-packages\django\db\models\base.py", line 1169, in _save_table
    results = self._do_insert(
              ^^^^^^^^^^^^^^^^
  File "C:\Users\Meer Rego\AppData\Local\Programs\Python\Python312\Lib\site-packages\django\db\models\base.py", line 1220, in _do_insert
    return manager._insert(
           ^^^^^^^^^^^^^^^^
  File "C:\Users\Meer Rego\AppData\Local\Programs\Python\Python312\Lib\site-packages\django\db\models\manager.py", line 87, in manager_method
    return getattr(self.get_queryset(), name)(*args, **kwargs)
           ^^^^^^^^^^^^^^^^^^^^^^^^^^^^^^^^^^^^^^^^^^^^^^^^^^^
  File "C:\Users\Meer Rego\AppData\Local\Programs\Python\Python312\Lib\site-packages\django\db\models\query.py", line 1918, in _insert
    return query.get_compiler(using=using).execute_sql(returning_fields)
           ^^^^^^^^^^^^^^^^^^^^^^^^^^^^^^^^^^^^^^^^^^^^^^^^^^^^^^^^^^^^^
  File "C:\Users\Meer Rego\AppData\Local\Programs\Python\Python312\Lib\site-packages\django\db\models\sql\compiler.py", line 1925, in execute_sql
    cursor.execute(sql, params)
  File "C:\Users\Meer Rego\AppData\Local\Programs\Python\Python312\Lib\site-packages\django\db\backends\utils.py", line 122, in execute
    return super().execute(sql, params)
           ^^^^^^^^^^^^^^^^^^^^^^^^^^^^
  File "C:\Users\Meer Rego\AppData\Local\Programs\Python\Python312\Lib\site-packages\django\db\backends\utils.py", line 79, in execute
    return self._execute_with_wrappers(
           ^^^^^^^^^^^^^^^^^^^^^^^^^^^^
  File "C:\Users\Meer Rego\AppData\Local\Programs\Python\Python312\Lib\site-packages\django\db\backends\utils.py", line 92, in _execute_with_wrappers
    return executor(sql, params, many, context)
           ^^^^^^^^^^^^^^^^^^^^^^^^^^^^^^^^^^^^
  File "C:\Users\Meer Rego\AppData\Local\Programs\Python\Python312\Lib\site-packages\django\db\backends\utils.py", line 100, in _execute
    with self.db.wrap_database_errors:
         ^^^^^^^^^^^^^^^^^^^^^^^^^^^^
  File "C:\Users\Meer Rego\AppData\Local\Programs\Python\Python312\Lib\site-packages\django\db\utils.py", line 94, in __exit__
    raise dj_exc_value.with_traceback(traceback) from exc_value
  File "C:\Users\Meer Rego\AppData\Local\Programs\Python\Python312\Lib\site-packages\django\db\backends\utils.py", line 105, in _execute
    return self.cursor.execute(sql, params)
           ^^^^^^^^^^^^^^^^^^^^^^^^^^^^^^^^
  File "C:\Users\Meer Rego\AppData\Local\Programs\Python\Python312\Lib\site-packages\psycopg\cursor.py", line 117, in execute
    raise ex.with_traceback(None)
django.db.utils.DataError: value too long for type character varying(200)
[01/Apr/2026 22:12:16] "POST /api/books/import_google/ HTTP/1.1" 500 237001
[01/Apr/2026 22:14:09] "OPTIONS /api/auth/me/ HTTP/1.1" 200 0
[01/Apr/2026 22:14:10] "GET /api/auth/me/ HTTP/1.1" 200 138
[01/Apr/2026 22:14:10] "GET /api/lists/ HTTP/1.1" 200 4051
[01/Apr/2026 22:14:10] "GET /api/feed/?page=1 HTTP/1.1" 200 7488
[01/Apr/2026 22:14:10] "OPTIONS /api/feed/?page=1 HTTP/1.1" 200 0
[01/Apr/2026 22:14:10] "OPTIONS /api/feed/?page=1 HTTP/1.1" 200 0
[01/Apr/2026 22:14:11] "GET /api/feed/?page=1 HTTP/1.1" 200 7488
[01/Apr/2026 22:14:11] "GET /api/feed/?page=1 HTTP/1.1" 200 7488
[01/Apr/2026 22:21:17] "POST /api/auth/signup/ HTTP/1.1" 201 46
[01/Apr/2026 22:21:18] "POST /api/auth/login/ HTTP/1.1" 200 489
[01/Apr/2026 22:21:21] "GET /api/books/search/?q=The%20Great%20Gatsby HTTP/1.1" 200 16705
[01/Apr/2026 22:21:22] "POST /api/books/the-great-gatsby-f-scott-fitzgerald/set_shelf/ HTTP/1.1" 200 20
[01/Apr/2026 22:21:22] "GET /api/books/the-great-gatsby-f-scott-fitzgerald/ HTTP/1.1" 200 3443
[01/Apr/2026 22:21:23] "POST /api/reviews/ HTTP/1.1" 201 117
[01/Apr/2026 22:21:23] "GET /api/books/the-great-gatsby-f-scott-fitzgerald/ HTTP/1.1" 200 5082
[01/Apr/2026 22:21:24] "GET /api/profiles/flowcheck_1775062275/ HTTP/1.1" 200 3069
[01/Apr/2026 22:21:25] "GET /api/feed/ HTTP/1.1" 200 9127
[01/Apr/2026 22:21:25,672] - Broken pipe from ('127.0.0.1', 61425)
[01/Apr/2026 22:23:03] "GET /api/feed/ HTTP/1.1" 200 9127
[01/Apr/2026 22:23:03,429] - Broken pipe from ('127.0.0.1', 62285)
[01/Apr/2026 22:23:15] "GET /api/books/discover/ HTTP/1.1" 200 20640
[01/Apr/2026 22:23:16] "GET /api/lists/ HTTP/1.1" 200 4051
[01/Apr/2026 22:23:16] "GET /api/lists/ HTTP/1.1" 200 4051
[01/Apr/2026 22:23:16] "GET /api/stats/ HTTP/1.1" 200 304
[01/Apr/2026 22:23:16,206] - Broken pipe from ('127.0.0.1', 62301)
[01/Apr/2026 22:23:16,207] - Broken pipe from ('127.0.0.1', 62299)
[01/Apr/2026 22:23:16,207] - Broken pipe from ('127.0.0.1', 62302)
[01/Apr/2026 22:23:16,207] - Broken pipe from ('127.0.0.1', 62300)
[01/Apr/2026 22:23:51] "OPTIONS /api/auth/me/ HTTP/1.1" 200 0
Unauthorized: /api/auth/me/
[01/Apr/2026 22:23:51] "GET /api/auth/me/ HTTP/1.1" 401 172
[01/Apr/2026 22:23:52] "GET /api/feed/?page=1 HTTP/1.1" 200 9127
[01/Apr/2026 22:24:17] "OPTIONS /api/auth/login/ HTTP/1.1" 200 0
[01/Apr/2026 22:24:18] "POST /api/auth/login/ HTTP/1.1" 200 489
[01/Apr/2026 22:24:18] "OPTIONS /api/auth/me/ HTTP/1.1" 200 0
[01/Apr/2026 22:24:18] "GET /api/auth/me/ HTTP/1.1" 200 138
[01/Apr/2026 22:24:19] "GET /api/feed/?page=1 HTTP/1.1" 200 9127
[01/Apr/2026 22:24:19] "GET /api/feed/?page=1 HTTP/1.1" 200 9127
[01/Apr/2026 22:24:19] "OPTIONS /api/feed/?page=1 HTTP/1.1" 200 0
[01/Apr/2026 22:24:19] "OPTIONS /api/feed/?page=1 HTTP/1.1" 200 0
[01/Apr/2026 22:24:20] "GET /api/feed/?page=1 HTTP/1.1" 200 9127
[01/Apr/2026 22:24:20] "GET /api/feed/?page=1 HTTP/1.1" 200 9127
[01/Apr/2026 22:24:30] "GET /api/books/search/?q=bell%20jer HTTP/1.1" 200 8681
[01/Apr/2026 22:24:30] "OPTIONS /api/auth/me/ HTTP/1.1" 200 0
[01/Apr/2026 22:24:31] "GET /api/auth/me/ HTTP/1.1" 200 138
[01/Apr/2026 22:24:38] "OPTIONS /api/books/import_google/ HTTP/1.1" 200 0
Internal Server Error: /api/books/import_google/
Traceback (most recent call last):
  File "C:\Users\Meer Rego\AppData\Local\Programs\Python\Python312\Lib\site-packages\django\db\backends\utils.py", line 105, in _execute
    return self.cursor.execute(sql, params)
           ^^^^^^^^^^^^^^^^^^^^^^^^^^^^^^^^
  File "C:\Users\Meer Rego\AppData\Local\Programs\Python\Python312\Lib\site-packages\psycopg\cursor.py", line 117, in execute
    raise ex.with_traceback(None)
psycopg.errors.StringDataRightTruncation: value too long for type character varying(200)

The above exception was the direct cause of the following exception:

Traceback (most recent call last):
  File "C:\Users\Meer Rego\AppData\Local\Programs\Python\Python312\Lib\site-packages\django\core\handlers\exception.py", line 55, in inner
    response = get_response(request)
               ^^^^^^^^^^^^^^^^^^^^^
  File "C:\Users\Meer Rego\AppData\Local\Programs\Python\Python312\Lib\site-packages\django\core\handlers\base.py", line 198, in _get_response
    response = wrapped_callback(request, *callback_args, **callback_kwargs)
               ^^^^^^^^^^^^^^^^^^^^^^^^^^^^^^^^^^^^^^^^^^^^^^^^^^^^^^^^^^^^
  File "C:\Users\Meer Rego\AppData\Local\Programs\Python\Python312\Lib\site-packages\django\views\decorators\csrf.py", line 65, in _view_wrapper
    return view_func(request, *args, **kwargs)
           ^^^^^^^^^^^^^^^^^^^^^^^^^^^^^^^^^^^
  File "C:\Users\Meer Rego\AppData\Local\Programs\Python\Python312\Lib\site-packages\rest_framework\viewsets.py", line 125, in view
    return self.dispatch(request, *args, **kwargs)
           ^^^^^^^^^^^^^^^^^^^^^^^^^^^^^^^^^^^^^^^
  File "C:\Users\Meer Rego\AppData\Local\Programs\Python\Python312\Lib\site-packages\rest_framework\views.py", line 515, in dispatch
    response = self.handle_exception(exc)
               ^^^^^^^^^^^^^^^^^^^^^^^^^^
  File "C:\Users\Meer Rego\AppData\Local\Programs\Python\Python312\Lib\site-packages\rest_framework\views.py", line 475, in handle_exception
    self.raise_uncaught_exception(exc)
  File "C:\Users\Meer Rego\AppData\Local\Programs\Python\Python312\Lib\site-packages\rest_framework\views.py", line 486, in raise_uncaught_exception
    raise exc
  File "C:\Users\Meer Rego\AppData\Local\Programs\Python\Python312\Lib\site-packages\rest_framework\views.py", line 512, in dispatch
    response = handler(request, *args, **kwargs)
               ^^^^^^^^^^^^^^^^^^^^^^^^^^^^^^^^^
  File "C:\Users\Meer Rego\Downloads\BookMark\backend\api\views.py", line 147, in import_google
    book = sync_google_book(volume_id)
           ^^^^^^^^^^^^^^^^^^^^^^^^^^^
  File "C:\Users\Meer Rego\Downloads\BookMark\backend\api\services\google_books.py", line 149, in sync_google_book
    return Book.objects.create(**_normalize_volume(cached_volume))
           ^^^^^^^^^^^^^^^^^^^^^^^^^^^^^^^^^^^^^^^^^^^^^^^^^^^^^^^
  File "C:\Users\Meer Rego\AppData\Local\Programs\Python\Python312\Lib\site-packages\django\db\models\manager.py", line 87, in manager_method
    return getattr(self.get_queryset(), name)(*args, **kwargs)
           ^^^^^^^^^^^^^^^^^^^^^^^^^^^^^^^^^^^^^^^^^^^^^^^^^^^
  File "C:\Users\Meer Rego\AppData\Local\Programs\Python\Python312\Lib\site-packages\django\db\models\query.py", line 669, in create
    obj.save(force_insert=True, using=self.db)
  File "C:\Users\Meer Rego\Downloads\BookMark\backend\api\models.py", line 57, in save
    super().save(*args, **kwargs)
  File "C:\Users\Meer Rego\AppData\Local\Programs\Python\Python312\Lib\site-packages\django\db\models\base.py", line 874, in save
    self.save_base(
  File "C:\Users\Meer Rego\AppData\Local\Programs\Python\Python312\Lib\site-packages\django\db\models\base.py", line 966, in save_base
    updated = self._save_table(
              ^^^^^^^^^^^^^^^^^
  File "C:\Users\Meer Rego\AppData\Local\Programs\Python\Python312\Lib\site-packages\django\db\models\base.py", line 1169, in _save_table
    results = self._do_insert(
              ^^^^^^^^^^^^^^^^
  File "C:\Users\Meer Rego\AppData\Local\Programs\Python\Python312\Lib\site-packages\django\db\models\base.py", line 1220, in _do_insert
    return manager._insert(
           ^^^^^^^^^^^^^^^^
  File "C:\Users\Meer Rego\AppData\Local\Programs\Python\Python312\Lib\site-packages\django\db\models\manager.py", line 87, in manager_method
    return getattr(self.get_queryset(), name)(*args, **kwargs)
           ^^^^^^^^^^^^^^^^^^^^^^^^^^^^^^^^^^^^^^^^^^^^^^^^^^^
  File "C:\Users\Meer Rego\AppData\Local\Programs\Python\Python312\Lib\site-packages\django\db\models\query.py", line 1918, in _insert
    return query.get_compiler(using=using).execute_sql(returning_fields)
           ^^^^^^^^^^^^^^^^^^^^^^^^^^^^^^^^^^^^^^^^^^^^^^^^^^^^^^^^^^^^^
  File "C:\Users\Meer Rego\AppData\Local\Programs\Python\Python312\Lib\site-packages\django\db\models\sql\compiler.py", line 1925, in execute_sql
    cursor.execute(sql, params)
  File "C:\Users\Meer Rego\AppData\Local\Programs\Python\Python312\Lib\site-packages\django\db\backends\utils.py", line 122, in execute
    return super().execute(sql, params)
           ^^^^^^^^^^^^^^^^^^^^^^^^^^^^
  File "C:\Users\Meer Rego\AppData\Local\Programs\Python\Python312\Lib\site-packages\django\db\backends\utils.py", line 79, in execute
    return self._execute_with_wrappers(
           ^^^^^^^^^^^^^^^^^^^^^^^^^^^^
  File "C:\Users\Meer Rego\AppData\Local\Programs\Python\Python312\Lib\site-packages\django\db\backends\utils.py", line 92, in _execute_with_wrappers
    return executor(sql, params, many, context)
           ^^^^^^^^^^^^^^^^^^^^^^^^^^^^^^^^^^^^
  File "C:\Users\Meer Rego\AppData\Local\Programs\Python\Python312\Lib\site-packages\django\db\backends\utils.py", line 100, in _execute
    with self.db.wrap_database_errors:
         ^^^^^^^^^^^^^^^^^^^^^^^^^^^^
  File "C:\Users\Meer Rego\AppData\Local\Programs\Python\Python312\Lib\site-packages\django\db\utils.py", line 94, in __exit__
    raise dj_exc_value.with_traceback(traceback) from exc_value
  File "C:\Users\Meer Rego\AppData\Local\Programs\Python\Python312\Lib\site-packages\django\db\backends\utils.py", line 105, in _execute
    return self.cursor.execute(sql, params)
           ^^^^^^^^^^^^^^^^^^^^^^^^^^^^^^^^
  File "C:\Users\Meer Rego\AppData\Local\Programs\Python\Python312\Lib\site-packages\psycopg\cursor.py", line 117, in execute
    raise ex.with_traceback(None)
django.db.utils.DataError: value too long for type character varying(200)
[01/Apr/2026 22:24:41] "POST /api/books/import_google/ HTTP/1.1" 500 220868
[01/Apr/2026 22:24:43] "OPTIONS /api/books/import_google/ HTTP/1.1" 200 0
Internal Server Error: /api/books/import_google/
Traceback (most recent call last):
  File "C:\Users\Meer Rego\AppData\Local\Programs\Python\Python312\Lib\site-packages\django\db\backends\utils.py", line 105, in _execute
    return self.cursor.execute(sql, params)
           ^^^^^^^^^^^^^^^^^^^^^^^^^^^^^^^^
  File "C:\Users\Meer Rego\AppData\Local\Programs\Python\Python312\Lib\site-packages\psycopg\cursor.py", line 117, in execute
    raise ex.with_traceback(None)
psycopg.errors.StringDataRightTruncation: value too long for type character varying(200)

The above exception was the direct cause of the following exception:

Traceback (most recent call last):
  File "C:\Users\Meer Rego\AppData\Local\Programs\Python\Python312\Lib\site-packages\django\core\handlers\exception.py", line 55, in inner
    response = get_response(request)
               ^^^^^^^^^^^^^^^^^^^^^
  File "C:\Users\Meer Rego\AppData\Local\Programs\Python\Python312\Lib\site-packages\django\core\handlers\base.py", line 198, in _get_response
    response = wrapped_callback(request, *callback_args, **callback_kwargs)
               ^^^^^^^^^^^^^^^^^^^^^^^^^^^^^^^^^^^^^^^^^^^^^^^^^^^^^^^^^^^^
  File "C:\Users\Meer Rego\AppData\Local\Programs\Python\Python312\Lib\site-packages\django\views\decorators\csrf.py", line 65, in _view_wrapper
    return view_func(request, *args, **kwargs)
           ^^^^^^^^^^^^^^^^^^^^^^^^^^^^^^^^^^^
  File "C:\Users\Meer Rego\AppData\Local\Programs\Python\Python312\Lib\site-packages\rest_framework\viewsets.py", line 125, in view
    return self.dispatch(request, *args, **kwargs)
           ^^^^^^^^^^^^^^^^^^^^^^^^^^^^^^^^^^^^^^^
  File "C:\Users\Meer Rego\AppData\Local\Programs\Python\Python312\Lib\site-packages\rest_framework\views.py", line 515, in dispatch
    response = self.handle_exception(exc)
               ^^^^^^^^^^^^^^^^^^^^^^^^^^
  File "C:\Users\Meer Rego\AppData\Local\Programs\Python\Python312\Lib\site-packages\rest_framework\views.py", line 475, in handle_exception
    self.raise_uncaught_exception(exc)
  File "C:\Users\Meer Rego\AppData\Local\Programs\Python\Python312\Lib\site-packages\rest_framework\views.py", line 486, in raise_uncaught_exception
    raise exc
  File "C:\Users\Meer Rego\AppData\Local\Programs\Python\Python312\Lib\site-packages\rest_framework\views.py", line 512, in dispatch
    response = handler(request, *args, **kwargs)
               ^^^^^^^^^^^^^^^^^^^^^^^^^^^^^^^^^
  File "C:\Users\Meer Rego\Downloads\BookMark\backend\api\views.py", line 147, in import_google
    book = sync_google_book(volume_id)
           ^^^^^^^^^^^^^^^^^^^^^^^^^^^
  File "C:\Users\Meer Rego\Downloads\BookMark\backend\api\services\google_books.py", line 149, in sync_google_book
    return Book.objects.create(**_normalize_volume(cached_volume))
           ^^^^^^^^^^^^^^^^^^^^^^^^^^^^^^^^^^^^^^^^^^^^^^^^^^^^^^^
  File "C:\Users\Meer Rego\AppData\Local\Programs\Python\Python312\Lib\site-packages\django\db\models\manager.py", line 87, in manager_method
    return getattr(self.get_queryset(), name)(*args, **kwargs)
           ^^^^^^^^^^^^^^^^^^^^^^^^^^^^^^^^^^^^^^^^^^^^^^^^^^^
  File "C:\Users\Meer Rego\AppData\Local\Programs\Python\Python312\Lib\site-packages\django\db\models\query.py", line 669, in create
    obj.save(force_insert=True, using=self.db)
  File "C:\Users\Meer Rego\Downloads\BookMark\backend\api\models.py", line 57, in save
    super().save(*args, **kwargs)
  File "C:\Users\Meer Rego\AppData\Local\Programs\Python\Python312\Lib\site-packages\django\db\models\base.py", line 874, in save
    self.save_base(
  File "C:\Users\Meer Rego\AppData\Local\Programs\Python\Python312\Lib\site-packages\django\db\models\base.py", line 966, in save_base
    updated = self._save_table(
              ^^^^^^^^^^^^^^^^^
  File "C:\Users\Meer Rego\AppData\Local\Programs\Python\Python312\Lib\site-packages\django\db\models\base.py", line 1169, in _save_table
    results = self._do_insert(
              ^^^^^^^^^^^^^^^^
  File "C:\Users\Meer Rego\AppData\Local\Programs\Python\Python312\Lib\site-packages\django\db\models\base.py", line 1220, in _do_insert
    return manager._insert(
           ^^^^^^^^^^^^^^^^
  File "C:\Users\Meer Rego\AppData\Local\Programs\Python\Python312\Lib\site-packages\django\db\models\manager.py", line 87, in manager_method
    return getattr(self.get_queryset(), name)(*args, **kwargs)
           ^^^^^^^^^^^^^^^^^^^^^^^^^^^^^^^^^^^^^^^^^^^^^^^^^^^
  File "C:\Users\Meer Rego\AppData\Local\Programs\Python\Python312\Lib\site-packages\django\db\models\query.py", line 1918, in _insert
    return query.get_compiler(using=using).execute_sql(returning_fields)
           ^^^^^^^^^^^^^^^^^^^^^^^^^^^^^^^^^^^^^^^^^^^^^^^^^^^^^^^^^^^^^
  File "C:\Users\Meer Rego\AppData\Local\Programs\Python\Python312\Lib\site-packages\django\db\models\sql\compiler.py", line 1925, in execute_sql
    cursor.execute(sql, params)
  File "C:\Users\Meer Rego\AppData\Local\Programs\Python\Python312\Lib\site-packages\django\db\backends\utils.py", line 122, in execute
    return super().execute(sql, params)
           ^^^^^^^^^^^^^^^^^^^^^^^^^^^^
  File "C:\Users\Meer Rego\AppData\Local\Programs\Python\Python312\Lib\site-packages\django\db\backends\utils.py", line 79, in execute
    return self._execute_with_wrappers(
           ^^^^^^^^^^^^^^^^^^^^^^^^^^^^
  File "C:\Users\Meer Rego\AppData\Local\Programs\Python\Python312\Lib\site-packages\django\db\backends\utils.py", line 92, in _execute_with_wrappers
    return executor(sql, params, many, context)
           ^^^^^^^^^^^^^^^^^^^^^^^^^^^^^^^^^^^^
  File "C:\Users\Meer Rego\AppData\Local\Programs\Python\Python312\Lib\site-packages\django\db\backends\utils.py", line 100, in _execute
    with self.db.wrap_database_errors:
         ^^^^^^^^^^^^^^^^^^^^^^^^^^^^
  File "C:\Users\Meer Rego\AppData\Local\Programs\Python\Python312\Lib\site-packages\django\db\utils.py", line 94, in __exit__
    raise dj_exc_value.with_traceback(traceback) from exc_value
  File "C:\Users\Meer Rego\AppData\Local\Programs\Python\Python312\Lib\site-packages\django\db\backends\utils.py", line 105, in _execute
    return self.cursor.execute(sql, params)
           ^^^^^^^^^^^^^^^^^^^^^^^^^^^^^^^^
  File "C:\Users\Meer Rego\AppData\Local\Programs\Python\Python312\Lib\site-packages\psycopg\cursor.py", line 117, in execute
    raise ex.with_traceback(None)
django.db.utils.DataError: value too long for type character varying(200)
[01/Apr/2026 22:24:44] "POST /api/books/import_google/ HTTP/1.1" 500 237001
[01/Apr/2026 22:24:51] "OPTIONS /api/auth/me/ HTTP/1.1" 200 0
[01/Apr/2026 22:24:52] "GET /api/auth/me/ HTTP/1.1" 200 138
[01/Apr/2026 22:24:56] "OPTIONS /api/auth/me/ HTTP/1.1" 200 0
[01/Apr/2026 22:24:56] "GET /api/auth/me/ HTTP/1.1" 200 138
[01/Apr/2026 22:24:57] "GET /api/profiles/cecil/ HTTP/1.1" 200 204
[01/Apr/2026 22:29:08] "GET /api/lists/ HTTP/1.1" 200 4051
[01/Apr/2026 22:29:08] "GET /api/lists/ HTTP/1.1" 200 4051
[01/Apr/2026 22:29:08] "GET /api/stats/ HTTP/1.1" 200 304
[01/Apr/2026 22:29:08,796] - Broken pipe from ('127.0.0.1', 50351)
[01/Apr/2026 22:29:08,796] - Broken pipe from ('127.0.0.1', 50350)
[01/Apr/2026 22:29:08,796] - Broken pipe from ('127.0.0.1', 50352)
[01/Apr/2026 22:31:40] "OPTIONS /api/auth/me/ HTTP/1.1" 200 0
[01/Apr/2026 22:31:40] "GET /api/lists/ HTTP/1.1" 200 4051
Unauthorized: /api/auth/me/
[01/Apr/2026 22:31:40] "GET /api/auth/me/ HTTP/1.1" 401 172
[01/Apr/2026 22:31:40] "GET /api/feed/?page=1 HTTP/1.1" 200 12373
[01/Apr/2026 22:31:50] "OPTIONS /api/auth/login/ HTTP/1.1" 200 0
[01/Apr/2026 22:31:51] "POST /api/auth/login/ HTTP/1.1" 200 489
[01/Apr/2026 22:31:51] "OPTIONS /api/auth/me/ HTTP/1.1" 200 0
[01/Apr/2026 22:31:51] "GET /api/auth/me/ HTTP/1.1" 200 138
[01/Apr/2026 22:31:52] "GET /api/feed/?page=1 HTTP/1.1" 200 12373
[01/Apr/2026 22:31:52] "GET /api/feed/?page=1 HTTP/1.1" 200 12373
[01/Apr/2026 22:31:52] "OPTIONS /api/feed/?page=1 HTTP/1.1" 200 0
[01/Apr/2026 22:31:52] "OPTIONS /api/feed/?page=1 HTTP/1.1" 200 0
[01/Apr/2026 22:31:53] "GET /api/feed/?page=1 HTTP/1.1" 200 12373
[01/Apr/2026 22:31:53] "GET /api/feed/?page=1 HTTP/1.1" 200 12373
[01/Apr/2026 22:32:13] "OPTIONS /api/auth/me/ HTTP/1.1" 200 0
[01/Apr/2026 22:32:13] "GET /api/auth/me/ HTTP/1.1" 200 138
[01/Apr/2026 22:32:21] "OPTIONS /api/books/import_google/ HTTP/1.1" 200 0
Internal Server Error: /api/books/import_google/
Traceback (most recent call last):
  File "C:\Users\Meer Rego\AppData\Local\Programs\Python\Python312\Lib\site-packages\django\db\backends\utils.py", line 105, in _execute
    return self.cursor.execute(sql, params)
           ^^^^^^^^^^^^^^^^^^^^^^^^^^^^^^^^
  File "C:\Users\Meer Rego\AppData\Local\Programs\Python\Python312\Lib\site-packages\psycopg\cursor.py", line 117, in execute
    raise ex.with_traceback(None)
psycopg.errors.StringDataRightTruncation: value too long for type character varying(200)

The above exception was the direct cause of the following exception:

Traceback (most recent call last):
  File "C:\Users\Meer Rego\AppData\Local\Programs\Python\Python312\Lib\site-packages\django\core\handlers\exception.py", line 55, in inner
    response = get_response(request)
               ^^^^^^^^^^^^^^^^^^^^^
  File "C:\Users\Meer Rego\AppData\Local\Programs\Python\Python312\Lib\site-packages\django\core\handlers\base.py", line 198, in _get_response
    response = wrapped_callback(request, *callback_args, **callback_kwargs)
               ^^^^^^^^^^^^^^^^^^^^^^^^^^^^^^^^^^^^^^^^^^^^^^^^^^^^^^^^^^^^
  File "C:\Users\Meer Rego\AppData\Local\Programs\Python\Python312\Lib\site-packages\django\views\decorators\csrf.py", line 65, in _view_wrapper
    return view_func(request, *args, **kwargs)
           ^^^^^^^^^^^^^^^^^^^^^^^^^^^^^^^^^^^
  File "C:\Users\Meer Rego\AppData\Local\Programs\Python\Python312\Lib\site-packages\rest_framework\viewsets.py", line 125, in view
    return self.dispatch(request, *args, **kwargs)
           ^^^^^^^^^^^^^^^^^^^^^^^^^^^^^^^^^^^^^^^
  File "C:\Users\Meer Rego\AppData\Local\Programs\Python\Python312\Lib\site-packages\rest_framework\views.py", line 515, in dispatch
    response = self.handle_exception(exc)
               ^^^^^^^^^^^^^^^^^^^^^^^^^^
  File "C:\Users\Meer Rego\AppData\Local\Programs\Python\Python312\Lib\site-packages\rest_framework\views.py", line 475, in handle_exception
    self.raise_uncaught_exception(exc)
  File "C:\Users\Meer Rego\AppData\Local\Programs\Python\Python312\Lib\site-packages\rest_framework\views.py", line 486, in raise_uncaught_exception
    raise exc
  File "C:\Users\Meer Rego\AppData\Local\Programs\Python\Python312\Lib\site-packages\rest_framework\views.py", line 512, in dispatch
    response = handler(request, *args, **kwargs)
               ^^^^^^^^^^^^^^^^^^^^^^^^^^^^^^^^^
  File "C:\Users\Meer Rego\Downloads\BookMark\backend\api\views.py", line 147, in import_google
    volume_id = request.data.get("volume_id") or request.data.get("google_books_id")
               ^^^^^^^^^^^^^^^^^^^^^^^^^^^
  File "C:\Users\Meer Rego\Downloads\BookMark\backend\api\services\google_books.py", line 149, in sync_google_book
    return Book.objects.create(**_normalize_volume(cached_volume))
           ^^^^^^^^^^^^^^^^^^^^^^^^^^^^^^^^^^^^^^^^^^^^^^^^^^^^^^^
  File "C:\Users\Meer Rego\AppData\Local\Programs\Python\Python312\Lib\site-packages\django\db\models\manager.py", line 87, in manager_method
    return getattr(self.get_queryset(), name)(*args, **kwargs)
           ^^^^^^^^^^^^^^^^^^^^^^^^^^^^^^^^^^^^^^^^^^^^^^^^^^^
  File "C:\Users\Meer Rego\AppData\Local\Programs\Python\Python312\Lib\site-packages\django\db\models\query.py", line 669, in create
    obj.save(force_insert=True, using=self.db)
  File "C:\Users\Meer Rego\Downloads\BookMark\backend\api\models.py", line 57, in save
    super().save(*args, **kwargs)
  File "C:\Users\Meer Rego\AppData\Local\Programs\Python\Python312\Lib\site-packages\django\db\models\base.py", line 874, in save
    self.save_base(
  File "C:\Users\Meer Rego\AppData\Local\Programs\Python\Python312\Lib\site-packages\django\db\models\base.py", line 966, in save_base
    updated = self._save_table(
              ^^^^^^^^^^^^^^^^^
  File "C:\Users\Meer Rego\AppData\Local\Programs\Python\Python312\Lib\site-packages\django\db\models\base.py", line 1169, in _save_table
    results = self._do_insert(
              ^^^^^^^^^^^^^^^^
  File "C:\Users\Meer Rego\AppData\Local\Programs\Python\Python312\Lib\site-packages\django\db\models\base.py", line 1220, in _do_insert
    return manager._insert(
           ^^^^^^^^^^^^^^^^
  File "C:\Users\Meer Rego\AppData\Local\Programs\Python\Python312\Lib\site-packages\django\db\models\manager.py", line 87, in manager_method
    return getattr(self.get_queryset(), name)(*args, **kwargs)
           ^^^^^^^^^^^^^^^^^^^^^^^^^^^^^^^^^^^^^^^^^^^^^^^^^^^
  File "C:\Users\Meer Rego\AppData\Local\Programs\Python\Python312\Lib\site-packages\django\db\models\query.py", line 1918, in _insert
    return query.get_compiler(using=using).execute_sql(returning_fields)
           ^^^^^^^^^^^^^^^^^^^^^^^^^^^^^^^^^^^^^^^^^^^^^^^^^^^^^^^^^^^^^
  File "C:\Users\Meer Rego\AppData\Local\Programs\Python\Python312\Lib\site-packages\django\db\models\sql\compiler.py", line 1925, in execute_sql
    cursor.execute(sql, params)
  File "C:\Users\Meer Rego\AppData\Local\Programs\Python\Python312\Lib\site-packages\django\db\backends\utils.py", line 122, in execute
    return super().execute(sql, params)
           ^^^^^^^^^^^^^^^^^^^^^^^^^^^^
  File "C:\Users\Meer Rego\AppData\Local\Programs\Python\Python312\Lib\site-packages\django\db\backends\utils.py", line 79, in execute
    return self._execute_with_wrappers(
           ^^^^^^^^^^^^^^^^^^^^^^^^^^^^
  File "C:\Users\Meer Rego\AppData\Local\Programs\Python\Python312\Lib\site-packages\django\db\backends\utils.py", line 92, in _execute_with_wrappers
    return executor(sql, params, many, context)
           ^^^^^^^^^^^^^^^^^^^^^^^^^^^^^^^^^^^^
  File "C:\Users\Meer Rego\AppData\Local\Programs\Python\Python312\Lib\site-packages\django\db\backends\utils.py", line 100, in _execute
    with self.db.wrap_database_errors:
         ^^^^^^^^^^^^^^^^^^^^^^^^^^^^
  File "C:\Users\Meer Rego\AppData\Local\Programs\Python\Python312\Lib\site-packages\django\db\utils.py", line 94, in __exit__
    raise dj_exc_value.with_traceback(traceback) from exc_value
  File "C:\Users\Meer Rego\AppData\Local\Programs\Python\Python312\Lib\site-packages\django\db\backends\utils.py", line 105, in _execute
    return self.cursor.execute(sql, params)
           ^^^^^^^^^^^^^^^^^^^^^^^^^^^^^^^^
  File "C:\Users\Meer Rego\AppData\Local\Programs\Python\Python312\Lib\site-packages\psycopg\cursor.py", line 117, in execute
    raise ex.with_traceback(None)
django.db.utils.DataError: value too long for type character varying(200)
[01/Apr/2026 22:32:21] "POST /api/books/import_google/ HTTP/1.1" 500 237089
[01/Apr/2026 22:32:23] "OPTIONS /api/books/import_google/ HTTP/1.1" 200 0
Internal Server Error: /api/books/import_google/
Traceback (most recent call last):
  File "C:\Users\Meer Rego\AppData\Local\Programs\Python\Python312\Lib\site-packages\django\db\backends\utils.py", line 105, in _execute
    return self.cursor.execute(sql, params)
           ^^^^^^^^^^^^^^^^^^^^^^^^^^^^^^^^
  File "C:\Users\Meer Rego\AppData\Local\Programs\Python\Python312\Lib\site-packages\psycopg\cursor.py", line 117, in execute
    raise ex.with_traceback(None)
psycopg.errors.StringDataRightTruncation: value too long for type character varying(200)

The above exception was the direct cause of the following exception:

Traceback (most recent call last):
  File "C:\Users\Meer Rego\AppData\Local\Programs\Python\Python312\Lib\site-packages\django\core\handlers\exception.py", line 55, in inner
    response = get_response(request)
               ^^^^^^^^^^^^^^^^^^^^^
  File "C:\Users\Meer Rego\AppData\Local\Programs\Python\Python312\Lib\site-packages\django\core\handlers\base.py", line 198, in _get_response
    response = wrapped_callback(request, *callback_args, **callback_kwargs)
               ^^^^^^^^^^^^^^^^^^^^^^^^^^^^^^^^^^^^^^^^^^^^^^^^^^^^^^^^^^^^
  File "C:\Users\Meer Rego\AppData\Local\Programs\Python\Python312\Lib\site-packages\django\views\decorators\csrf.py", line 65, in _view_wrapper
    return view_func(request, *args, **kwargs)
           ^^^^^^^^^^^^^^^^^^^^^^^^^^^^^^^^^^^
  File "C:\Users\Meer Rego\AppData\Local\Programs\Python\Python312\Lib\site-packages\rest_framework\viewsets.py", line 125, in view
    return self.dispatch(request, *args, **kwargs)
           ^^^^^^^^^^^^^^^^^^^^^^^^^^^^^^^^^^^^^^^
  File "C:\Users\Meer Rego\AppData\Local\Programs\Python\Python312\Lib\site-packages\rest_framework\views.py", line 515, in dispatch
    response = self.handle_exception(exc)
               ^^^^^^^^^^^^^^^^^^^^^^^^^^
  File "C:\Users\Meer Rego\AppData\Local\Programs\Python\Python312\Lib\site-packages\rest_framework\views.py", line 475, in handle_exception
    self.raise_uncaught_exception(exc)
  File "C:\Users\Meer Rego\AppData\Local\Programs\Python\Python312\Lib\site-packages\rest_framework\views.py", line 486, in raise_uncaught_exception
    raise exc
  File "C:\Users\Meer Rego\AppData\Local\Programs\Python\Python312\Lib\site-packages\rest_framework\views.py", line 512, in dispatch
    response = handler(request, *args, **kwargs)
               ^^^^^^^^^^^^^^^^^^^^^^^^^^^^^^^^^
  File "C:\Users\Meer Rego\Downloads\BookMark\backend\api\views.py", line 147, in import_google
    volume_id = request.data.get("volume_id") or request.data.get("google_books_id")
               ^^^^^^^^^^^^^^^^^^^^^^^^^^^
  File "C:\Users\Meer Rego\Downloads\BookMark\backend\api\services\google_books.py", line 149, in sync_google_book
    return Book.objects.create(**_normalize_volume(cached_volume))
           ^^^^^^^^^^^^^^^^^^^^^^^^^^^^^^^^^^^^^^^^^^^^^^^^^^^^^^^
  File "C:\Users\Meer Rego\AppData\Local\Programs\Python\Python312\Lib\site-packages\django\db\models\manager.py", line 87, in manager_method
    return getattr(self.get_queryset(), name)(*args, **kwargs)
           ^^^^^^^^^^^^^^^^^^^^^^^^^^^^^^^^^^^^^^^^^^^^^^^^^^^
  File "C:\Users\Meer Rego\AppData\Local\Programs\Python\Python312\Lib\site-packages\django\db\models\query.py", line 669, in create
    obj.save(force_insert=True, using=self.db)
  File "C:\Users\Meer Rego\Downloads\BookMark\backend\api\models.py", line 57, in save
    super().save(*args, **kwargs)
  File "C:\Users\Meer Rego\AppData\Local\Programs\Python\Python312\Lib\site-packages\django\db\models\base.py", line 874, in save
    self.save_base(
  File "C:\Users\Meer Rego\AppData\Local\Programs\Python\Python312\Lib\site-packages\django\db\models\base.py", line 966, in save_base
    updated = self._save_table(
              ^^^^^^^^^^^^^^^^^
  File "C:\Users\Meer Rego\AppData\Local\Programs\Python\Python312\Lib\site-packages\django\db\models\base.py", line 1169, in _save_table
    results = self._do_insert(
              ^^^^^^^^^^^^^^^^
  File "C:\Users\Meer Rego\AppData\Local\Programs\Python\Python312\Lib\site-packages\django\db\models\base.py", line 1220, in _do_insert
    return manager._insert(
           ^^^^^^^^^^^^^^^^
  File "C:\Users\Meer Rego\AppData\Local\Programs\Python\Python312\Lib\site-packages\django\db\models\manager.py", line 87, in manager_method
    return getattr(self.get_queryset(), name)(*args, **kwargs)
           ^^^^^^^^^^^^^^^^^^^^^^^^^^^^^^^^^^^^^^^^^^^^^^^^^^^
  File "C:\Users\Meer Rego\AppData\Local\Programs\Python\Python312\Lib\site-packages\django\db\models\query.py", line 1918, in _insert
    return query.get_compiler(using=using).execute_sql(returning_fields)
           ^^^^^^^^^^^^^^^^^^^^^^^^^^^^^^^^^^^^^^^^^^^^^^^^^^^^^^^^^^^^^
  File "C:\Users\Meer Rego\AppData\Local\Programs\Python\Python312\Lib\site-packages\django\db\models\sql\compiler.py", line 1925, in execute_sql
    cursor.execute(sql, params)
  File "C:\Users\Meer Rego\AppData\Local\Programs\Python\Python312\Lib\site-packages\django\db\backends\utils.py", line 122, in execute
    return super().execute(sql, params)
           ^^^^^^^^^^^^^^^^^^^^^^^^^^^^
  File "C:\Users\Meer Rego\AppData\Local\Programs\Python\Python312\Lib\site-packages\django\db\backends\utils.py", line 79, in execute
    return self._execute_with_wrappers(
           ^^^^^^^^^^^^^^^^^^^^^^^^^^^^
  File "C:\Users\Meer Rego\AppData\Local\Programs\Python\Python312\Lib\site-packages\django\db\backends\utils.py", line 92, in _execute_with_wrappers
    return executor(sql, params, many, context)
           ^^^^^^^^^^^^^^^^^^^^^^^^^^^^^^^^^^^^
  File "C:\Users\Meer Rego\AppData\Local\Programs\Python\Python312\Lib\site-packages\django\db\backends\utils.py", line 100, in _execute
    with self.db.wrap_database_errors:
         ^^^^^^^^^^^^^^^^^^^^^^^^^^^^
  File "C:\Users\Meer Rego\AppData\Local\Programs\Python\Python312\Lib\site-packages\django\db\utils.py", line 94, in __exit__
    raise dj_exc_value.with_traceback(traceback) from exc_value
  File "C:\Users\Meer Rego\AppData\Local\Programs\Python\Python312\Lib\site-packages\django\db\backends\utils.py", line 105, in _execute
    return self.cursor.execute(sql, params)
           ^^^^^^^^^^^^^^^^^^^^^^^^^^^^^^^^
  File "C:\Users\Meer Rego\AppData\Local\Programs\Python\Python312\Lib\site-packages\psycopg\cursor.py", line 117, in execute
    raise ex.with_traceback(None)
django.db.utils.DataError: value too long for type character varying(200)
[01/Apr/2026 22:32:23] "POST /api/books/import_google/ HTTP/1.1" 500 237089
[01/Apr/2026 22:34:12] "POST /api/auth/login/ HTTP/1.1" 200 489
[01/Apr/2026 22:34:21] "GET /api/books/search/?q=Fourth+Wing HTTP/1.1" 200 11744
[01/Apr/2026 22:34:23] "POST /api/books/import_google/ HTTP/1.1" 201 3466
[01/Apr/2026 22:35:16] "OPTIONS /api/auth/me/ HTTP/1.1" 200 0
[01/Apr/2026 22:35:16] "GET /api/books/discover/ HTTP/1.1" 200 20640
[01/Apr/2026 22:35:16] "GET /api/lists/ HTTP/1.1" 200 4051
[01/Apr/2026 22:35:16] "GET /api/stats/ HTTP/1.1" 200 340
[01/Apr/2026 22:35:16] "GET /api/auth/me/ HTTP/1.1" 200 138
[01/Apr/2026 22:35:17] "GET /api/feed/?page=1 HTTP/1.1" 200 12373
[01/Apr/2026 22:35:17] "OPTIONS /api/feed/?page=1 HTTP/1.1" 200 0
[01/Apr/2026 22:35:18] "GET /api/feed/?page=1 HTTP/1.1" 200 12373
[01/Apr/2026 22:35:26] "OPTIONS /api/auth/me/ HTTP/1.1" 200 0
[01/Apr/2026 22:35:26] "GET /api/books/search/?q=bell%20jer HTTP/1.1" 200 8681
[01/Apr/2026 22:35:27] "GET /api/auth/me/ HTTP/1.1" 200 138
[01/Apr/2026 22:35:32] "OPTIONS /api/books/import_google/ HTTP/1.1" 200 0
[01/Apr/2026 22:35:33] "POST /api/books/import_google/ HTTP/1.1" 201 2065
[01/Apr/2026 22:35:34] "OPTIONS /api/auth/me/ HTTP/1.1" 200 0
[01/Apr/2026 22:35:35] "GET /api/books/the-bell-jar-sylvia-plath/ HTTP/1.1" 200 2078
[01/Apr/2026 22:35:35] "GET /api/books/the-bell-jar-sylvia-plath/ HTTP/1.1" 200 2078
[01/Apr/2026 22:35:35] "OPTIONS /api/books/the-bell-jar-sylvia-plath/my_state/ HTTP/1.1" 200 0
[01/Apr/2026 22:35:35] "OPTIONS /api/books/the-bell-jar-sylvia-plath/my_state/ HTTP/1.1" 200 0
[01/Apr/2026 22:35:35] "GET /api/auth/me/ HTTP/1.1" 200 138
[01/Apr/2026 22:35:36] "GET /api/books/the-bell-jar-sylvia-plath/my_state/ HTTP/1.1" 200 28
[01/Apr/2026 22:35:36] "GET /api/books/the-bell-jar-sylvia-plath/my_state/ HTTP/1.1" 200 28
[01/Apr/2026 22:36:01] "OPTIONS /api/books/the-bell-jar-sylvia-plath/set_shelf/ HTTP/1.1" 200 0
[01/Apr/2026 22:36:01] "POST /api/books/the-bell-jar-sylvia-plath/set_shelf/ HTTP/1.1" 200 20
[01/Apr/2026 22:36:04] "OPTIONS /api/auth/me/ HTTP/1.1" 200 0
[01/Apr/2026 22:36:05] "GET /api/auth/me/ HTTP/1.1" 200 138
[01/Apr/2026 22:36:05] "OPTIONS /api/reviews/ HTTP/1.1" 200 0
[01/Apr/2026 22:36:05] "POST /api/reviews/ HTTP/1.1" 201 93
[01/Apr/2026 22:36:06] "GET /api/books/the-bell-jar-sylvia-plath/ HTTP/1.1" 200 4530
[01/Apr/2026 22:36:13] "GET /api/books/the-bell-jar-sylvia-plath/ HTTP/1.1" 200 4530
[01/Apr/2026 22:36:20] "OPTIONS /api/auth/me/ HTTP/1.1" 200 0
[01/Apr/2026 22:36:21] "GET /api/auth/me/ HTTP/1.1" 200 138
[01/Apr/2026 22:36:21] "GET /api/profiles/cecil/ HTTP/1.1" 200 4721
[01/Apr/2026 22:37:02] "OPTIONS /api/auth/login/ HTTP/1.1" 200 0
Unauthorized: /api/auth/login/
[01/Apr/2026 22:37:03] "POST /api/auth/login/ HTTP/1.1" 401 63
[01/Apr/2026 22:37:18] "OPTIONS /api/auth/login/ HTTP/1.1" 200 0
Unauthorized: /api/auth/login/
[01/Apr/2026 22:37:19] "POST /api/auth/login/ HTTP/1.1" 401 63
[01/Apr/2026 22:37:20] "OPTIONS /api/auth/login/ HTTP/1.1" 200 0
Unauthorized: /api/auth/login/
[01/Apr/2026 22:37:21] "POST /api/auth/login/ HTTP/1.1" 401 63
[01/Apr/2026 22:37:23] "OPTIONS /api/auth/login/ HTTP/1.1" 200 0
Unauthorized: /api/auth/login/
[01/Apr/2026 22:37:24] "POST /api/auth/login/ HTTP/1.1" 401 63
[01/Apr/2026 22:37:34] "OPTIONS /api/auth/signup/ HTTP/1.1" 200 0
Bad Request: /api/auth/signup/
[01/Apr/2026 22:37:35] "POST /api/auth/signup/ HTTP/1.1" 400 58
[01/Apr/2026 22:37:47] "OPTIONS /api/auth/signup/ HTTP/1.1" 200 0
[01/Apr/2026 22:37:48] "POST /api/auth/signup/ HTTP/1.1" 201 31
[01/Apr/2026 22:37:48] "OPTIONS /api/auth/login/ HTTP/1.1" 200 0
[01/Apr/2026 22:37:49] "POST /api/auth/login/ HTTP/1.1" 200 491
[01/Apr/2026 22:37:49] "OPTIONS /api/auth/me/ HTTP/1.1" 200 0
[01/Apr/2026 22:37:50] "GET /api/auth/me/ HTTP/1.1" 200 139
[01/Apr/2026 22:37:50] "GET /api/lists/ HTTP/1.1" 200 4051
[01/Apr/2026 22:37:50] "GET /api/lists/ HTTP/1.1" 200 4051
[01/Apr/2026 22:37:51] "GET /api/feed/?page=1 HTTP/1.1" 200 14826
[01/Apr/2026 22:37:51] "GET /api/feed/?page=1 HTTP/1.1" 200 14826
[01/Apr/2026 22:37:51] "OPTIONS /api/feed/?page=1 HTTP/1.1" 200 0
[01/Apr/2026 22:37:51] "OPTIONS /api/feed/?page=1 HTTP/1.1" 200 0
[01/Apr/2026 22:37:52] "GET /api/feed/?page=1 HTTP/1.1" 200 14826
[01/Apr/2026 22:37:52] "GET /api/feed/?page=1 HTTP/1.1" 200 14826
[01/Apr/2026 22:38:04] "OPTIONS /api/auth/me/ HTTP/1.1" 200 0
[01/Apr/2026 22:38:05] "GET /api/auth/me/ HTTP/1.1" 200 139
[01/Apr/2026 22:38:07] "GET /api/books/search/?q=cecil HTTP/1.1" 200 7364
[01/Apr/2026 22:38:15] "OPTIONS /api/auth/me/ HTTP/1.1" 200 0
[01/Apr/2026 22:38:15] "GET /api/auth/me/ HTTP/1.1" 200 139
[01/Apr/2026 22:38:16] "GET /api/feed/?page=1 HTTP/1.1" 200 14826
[01/Apr/2026 22:38:16] "OPTIONS /api/feed/?page=1 HTTP/1.1" 200 0
[01/Apr/2026 22:38:16] "OPTIONS /api/feed/?page=1 HTTP/1.1" 200 0
[01/Apr/2026 22:38:18] "GET /api/feed/?page=1 HTTP/1.1" 200 14826
[01/Apr/2026 22:38:18] "GET /api/feed/?page=1 HTTP/1.1" 200 14826
[01/Apr/2026 22:38:19] "OPTIONS /api/auth/me/ HTTP/1.1" 200 0
[01/Apr/2026 22:38:20] "GET /api/auth/me/ HTTP/1.1" 200 139
[01/Apr/2026 22:38:23] "GET /api/books/the-bell-jar-sylvia-plath/ HTTP/1.1" 200 4530
[01/Apr/2026 22:38:23] "OPTIONS /api/books/the-bell-jar-sylvia-plath/my_state/ HTTP/1.1" 200 0
[01/Apr/2026 22:38:23] "OPTIONS /api/books/the-bell-jar-sylvia-plath/my_state/ HTTP/1.1" 200 0
[01/Apr/2026 22:38:23] "GET /api/books/the-bell-jar-sylvia-plath/my_state/ HTTP/1.1" 200 28
[01/Apr/2026 22:38:23] "GET /api/books/the-bell-jar-sylvia-plath/my_state/ HTTP/1.1" 200 28
[01/Apr/2026 22:38:32] "OPTIONS /api/reviews/7/like/ HTTP/1.1" 200 0
[01/Apr/2026 22:38:32] "POST /api/reviews/7/like/ HTTP/1.1" 200 17
[01/Apr/2026 22:38:34] "GET /api/books/the-bell-jar-sylvia-plath/ HTTP/1.1" 200 4530
[01/Apr/2026 22:38:38] "GET /api/books/the-bell-jar-sylvia-plath/ HTTP/1.1" 200 4530
[01/Apr/2026 22:38:43] "GET /api/books/the-bell-jar-sylvia-plath/ HTTP/1.1" 200 4530
[01/Apr/2026 22:38:45] "GET /api/books/the-bell-jar-sylvia-plath/ HTTP/1.1" 200 4530
[01/Apr/2026 22:38:50] "OPTIONS /api/books/the-bell-jar-sylvia-plath/set_shelf/ HTTP/1.1" 200 0
[01/Apr/2026 22:38:51] "POST /api/books/the-bell-jar-sylvia-plath/set_shelf/ HTTP/1.1" 200 28
[01/Apr/2026 22:38:56] "OPTIONS /api/auth/me/ HTTP/1.1" 200 0
[01/Apr/2026 22:38:56] "GET /api/auth/me/ HTTP/1.1" 200 139
[01/Apr/2026 22:38:56] "OPTIONS /api/reviews/ HTTP/1.1" 200 0
[01/Apr/2026 22:38:57] "POST /api/reviews/ HTTP/1.1" 201 81
[01/Apr/2026 22:38:57] "GET /api/books/the-bell-jar-sylvia-plath/ HTTP/1.1" 200 6972
[01/Apr/2026 22:39:05] "OPTIONS /api/auth/me/ HTTP/1.1" 200 0
[01/Apr/2026 22:39:06] "GET /api/auth/me/ HTTP/1.1" 200 139
[01/Apr/2026 22:39:06] "GET /api/profiles/cecil/ HTTP/1.1" 200 4721
[01/Apr/2026 22:39:16] "OPTIONS /api/auth/me/ HTTP/1.1" 200 0
[01/Apr/2026 22:39:17] "GET /api/auth/me/ HTTP/1.1" 200 139
[01/Apr/2026 22:39:17] "GET /api/feed/?page=1 HTTP/1.1" 200 17268
[01/Apr/2026 22:39:18] "OPTIONS /api/feed/?page=1 HTTP/1.1" 200 0
[01/Apr/2026 22:39:18] "OPTIONS /api/feed/?page=1 HTTP/1.1" 200 0
[01/Apr/2026 22:39:19] "GET /api/feed/?page=1 HTTP/1.1" 200 17268
[01/Apr/2026 22:39:19] "GET /api/feed/?page=1 HTTP/1.1" 200 17268
[01/Apr/2026 22:39:29] "OPTIONS /api/auth/me/ HTTP/1.1" 200 0
[01/Apr/2026 22:39:29] "GET /api/auth/me/ HTTP/1.1" 200 139
[01/Apr/2026 22:39:29] "GET /api/profiles/vicil/ HTTP/1.1" 200 4711
[01/Apr/2026 22:39:39] "OPTIONS /api/auth/me/ HTTP/1.1" 200 0
[01/Apr/2026 22:39:39] "GET /api/auth/me/ HTTP/1.1" 200 139
[01/Apr/2026 22:39:39] "GET /api/books/the-bell-jar-sylvia-plath/ HTTP/1.1" 200 6972
[01/Apr/2026 22:39:39] "OPTIONS /api/books/the-bell-jar-sylvia-plath/my_state/ HTTP/1.1" 200 0
[01/Apr/2026 22:39:39] "OPTIONS /api/books/the-bell-jar-sylvia-plath/my_state/ HTTP/1.1" 200 0
[01/Apr/2026 22:39:40] "GET /api/books/the-bell-jar-sylvia-plath/my_state/ HTTP/1.1" 200 79
[01/Apr/2026 22:39:43] "GET /api/books/the-bell-jar-sylvia-plath/ HTTP/1.1" 200 6972
[01/Apr/2026 22:39:49] "GET /api/books/the-bell-jar-sylvia-plath/ HTTP/1.1" 200 6972
[01/Apr/2026 22:39:50] "GET /api/books/the-bell-jar-sylvia-plath/my_state/ HTTP/1.1" 200 79
[01/Apr/2026 22:41:10] "OPTIONS /api/auth/me/ HTTP/1.1" 200 0
[01/Apr/2026 22:41:11] "GET /api/auth/me/ HTTP/1.1" 200 139
[01/Apr/2026 22:41:11] "GET /api/profiles/vicil/ HTTP/1.1" 200 4711
[01/Apr/2026 22:41:25] "OPTIONS /api/auth/me/ HTTP/1.1" 200 0
[01/Apr/2026 22:41:25] "GET /api/auth/me/ HTTP/1.1" 200 139
[01/Apr/2026 22:41:49] "GET /api/books/search/?q=award%20winners HTTP/1.1" 200 9367
[01/Apr/2026 22:41:50] "GET /api/books/search/?q=fantasy HTTP/1.1" 200 6994
[01/Apr/2026 22:41:59] "GET /api/books/search/?q=bestsellers HTTP/1.1" 200 10142
[01/Apr/2026 22:42:04] "OPTIONS /api/auth/me/ HTTP/1.1" 200 0
[01/Apr/2026 22:42:05] "GET /api/auth/me/ HTTP/1.1" 200 139
[01/Apr/2026 22:42:05] "GET /api/lists/ HTTP/1.1" 200 4051
[01/Apr/2026 22:42:13] "OPTIONS /api/auth/me/ HTTP/1.1" 200 0
[01/Apr/2026 22:42:14] "GET /api/auth/me/ HTTP/1.1" 200 139
[01/Apr/2026 22:42:14] "GET /api/stats/ HTTP/1.1" 200 341
[01/Apr/2026 22:42:15] "GET /api/feed/?page=1 HTTP/1.1" 200 17268
[01/Apr/2026 22:42:15] "OPTIONS /api/feed/?page=1 HTTP/1.1" 200 0
[01/Apr/2026 22:42:15] "OPTIONS /api/feed/?page=1 HTTP/1.1" 200 0
[01/Apr/2026 22:42:16] "GET /api/feed/?page=1 HTTP/1.1" 200 17268
[01/Apr/2026 22:42:16] "GET /api/feed/?page=1 HTTP/1.1" 200 17268
