[01/Apr/2026 22:29:47] "POST /api/auth/signup/ HTTP/1.1" 201 47
C:\Users\Meer Rego\AppData\Local\Programs\Python\Python312\Lib\site-packages\jwt\api_jwt.py:147: InsecureKeyLengthWarning: The HMAC key is 13 bytes long, which is below the minimum recommended length of 32 bytes for SHA256. See RFC 7518 Section 3.2.
  return self._jws.encode(
[01/Apr/2026 22:29:47] "POST /api/auth/login/ HTTP/1.1" 200 489
C:\Users\Meer Rego\AppData\Local\Programs\Python\Python312\Lib\site-packages\jwt\api_jwt.py:365: InsecureKeyLengthWarning: The HMAC key is 13 bytes long, which is below the minimum recommended length of 32 bytes for SHA256. See RFC 7518 Section 3.2.
  decoded = self.decode_complete(
[01/Apr/2026 22:29:49] "GET /api/books/search/?q=The%20Great%20Gatsby HTTP/1.1" 200 16705
Import book request received
Import book success
[01/Apr/2026 22:29:50] "POST /api/books/import_google/ HTTP/1.1" 201 1197
[01/Apr/2026 22:29:51] "POST /api/books/the-great-gatsby-f-scott-fitzgerald/set_shelf/ HTTP/1.1" 200 20
Create review request received
Create review success
[01/Apr/2026 22:29:52] "POST /api/reviews/ HTTP/1.1" 201 96
[01/Apr/2026 22:29:52,294] - Broken pipe from ('127.0.0.1', 53892)
[01/Apr/2026 22:30:03] "GET /api/feed/ HTTP/1.1" 200 10747
Not Found: /api/profiles/importflow_1775064058/
[01/Apr/2026 22:30:03] "GET /api/profiles/importflow_1775064058/ HTTP/1.1" 404 45
[01/Apr/2026 22:30:04,144] - Broken pipe from ('127.0.0.1', 53909)
[01/Apr/2026 22:30:25] "POST /api/auth/signup/ HTTP/1.1" 201 48
[01/Apr/2026 22:30:25] "POST /api/auth/login/ HTTP/1.1" 200 491
[01/Apr/2026 22:30:26] "GET /api/books/search/?q=The%20Great%20Gatsby HTTP/1.1" 200 16705
Import book request received
Import book success
[01/Apr/2026 22:30:26] "POST /api/books/import_google/ HTTP/1.1" 201 1197
[01/Apr/2026 22:30:27] "POST /api/books/the-great-gatsby-f-scott-fitzgerald/set_shelf/ HTTP/1.1" 200 20
Create review request received
Create review success
[01/Apr/2026 22:30:28] "POST /api/reviews/ HTTP/1.1" 201 99
[01/Apr/2026 22:30:29] "GET /api/books/the-great-gatsby-f-scott-fitzgerald/ HTTP/1.1" 200 8328
[01/Apr/2026 22:30:30] "GET /api/profiles/displayflow_1775062823/ HTTP/1.1" 200 3061
[01/Apr/2026 22:30:31] "GET /api/feed/ HTTP/1.1" 200 12373
[01/Apr/2026 22:30:31,782] - Broken pipe from ('127.0.0.1', 53920)
